#-----------------------------------------------------------
# Vivado v2021.1 (64-bit)
# SW Build 3247384 on Thu Jun 10 19:36:33 MDT 2021
# IP Build 3246043 on Fri Jun 11 00:30:35 MDT 2021
# Start of session at: Sun Jan 16 11:33:46 2022
# Process ID: 8844
# Current directory: C:/Users/Propietario/Documents/GitHub/Maquina_Expendedora_VHDL/MaquinaExpendedora2212
# Command line: vivado.exe -gui_launcher_event rodinguilauncherevent7380 C:\Users\Propietario\Documents\GitHub\Maquina_Expendedora_VHDL\MaquinaExpendedora2212\MaquinaExpendedora.xpr
# Log file: C:/Users/Propietario/Documents/GitHub/Maquina_Expendedora_VHDL/MaquinaExpendedora2212/vivado.log
# Journal file: C:/Users/Propietario/Documents/GitHub/Maquina_Expendedora_VHDL/MaquinaExpendedora2212\vivado.jou
#-----------------------------------------------------------
start_gui
open_project C:/Users/Propietario/Documents/GitHub/Maquina_Expendedora_VHDL/MaquinaExpendedora2212/MaquinaExpendedora.xpr
update_compile_order -fileset sources_1
set_property top top_tb [get_filesets sim_1]
set_property top_lib xil_defaultlib [get_filesets sim_1]
update_compile_order -fileset sim_1
set_property -name {xsim.simulate.runtime} -value {15000ms} -objects [get_filesets sim_1]
launch_simulation
source top_tb.tcl
close_sim
set_property top FSM_tb [get_filesets sim_1]
set_property top_lib xil_defaultlib [get_filesets sim_1]
set_property -name {xsim.simulate.runtime} -value {12000us} -objects [get_filesets sim_1]
update_compile_order -fileset sim_1
set_property -name {xsim.simulate.runtime} -value {1200ns} -objects [get_filesets sim_1]
launch_simulation
source FSM_tb.tcl
close_sim
launch_simulation
source FSM_tb.tcl
relaunch_sim
relaunch_sim
relaunch_sim
relaunch_sim
reset_run synth_1
launch_runs synth_1 -jobs 4
wait_on_run synth_1
launch_runs impl_1 -jobs 4
wait_on_run impl_1
open_run impl_1
launch_simulation -mode post-synthesis -type timing
source FSM_tb.tcl
launch_simulation -mode post-implementation -type timing
source FSM_tb.tcl
set_property top top_tb [get_filesets sim_1]
set_property top_lib xil_defaultlib [get_filesets sim_1]
set_property -name {xsim.simulate.runtime} -value {15000ms} -objects [get_filesets sim_1]
update_compile_order -fileset sim_1
close_sim
current_sim simulation_4
close_sim
close_sim
launch_simulation
source top_tb.tcl
relaunch_sim
relaunch_sim
relaunch_sim
relaunch_sim
relaunch_sim
relaunch_sim
relaunch_sim
relaunch_sim
relaunch_sim
relaunch_sim
close_sim
launch_simulation
source top_tb.tcl
relaunch_sim
relaunch_sim
relaunch_sim
relaunch_sim
