#-----------------------------------------------------------
# Vivado v2021.1 (64-bit)
# SW Build 3247384 on Thu Jun 10 19:36:33 MDT 2021
# IP Build 3246043 on Fri Jun 11 00:30:35 MDT 2021
# Start of session at: Thu Dec 16 12:14:44 2021
# Process ID: 8352
# Current directory: D:/UNIVERSIDAD/4 CARRERA/Sistemas Electrnicos Digitales/trabajo/Maquina_Expendedora_VHDL-main/MaquinaExpendedora
# Command line: vivado.exe -gui_launcher_event rodinguilauncherevent3604 D:\UNIVERSIDAD\4 CARRERA\Sistemas Electrnicos Digitales\trabajo\Maquina_Expendedora_VHDL-main\MaquinaExpendedora\MaquinaExpendedora.xpr
# Log file: D:/UNIVERSIDAD/4 CARRERA/Sistemas Electrnicos Digitales/trabajo/Maquina_Expendedora_VHDL-main/MaquinaExpendedora/vivado.log
# Journal file: D:/UNIVERSIDAD/4 CARRERA/Sistemas Electrnicos Digitales/trabajo/Maquina_Expendedora_VHDL-main/MaquinaExpendedora\vivado.jou
#-----------------------------------------------------------
start_gui
open_project {D:/UNIVERSIDAD/4 CARRERA/Sistemas Electrnicos Digitales/trabajo/Maquina_Expendedora_VHDL-main/MaquinaExpendedora/MaquinaExpendedora.xpr}
update_compile_order -fileset sources_1
update_compile_order -fileset sources_1
synth_design -rtl -rtl_skip_mlo -name rtl_1
reset_run synth_1
launch_runs impl_1 -to_step write_bitstream -jobs 2
wait_on_run impl_1
open_hw_manager
connect_hw_server -allow_non_jtag
open_hw_target
set_property PROGRAM.FILE {D:/UNIVERSIDAD/4 CARRERA/Sistemas Electrnicos Digitales/trabajo/Maquina_Expendedora_VHDL-main/MaquinaExpendedora/MaquinaExpendedora.runs/impl_1/top.bit} [get_hw_devices xc7a100t_0]
current_hw_device [get_hw_devices xc7a100t_0]
refresh_hw_device -update_hw_probes false [lindex [get_hw_devices xc7a100t_0] 0]
set_property STEPS.WRITE_BITSTREAM.ARGS.BIN_FILE true [get_runs impl_1]
startgroup
set_property BITSTREAM.GENERAL.COMPRESS TRUE [get_designs rtl_1]
set_property config_mode SPIx4 [current_design]
endgroup
startgroup
set_property BITSTREAM.CONFIG.CONFIGRATE 33 [get_designs rtl_1]
endgroup
refresh_design
reset_run impl_1 -prev_step 
launch_runs impl_1 -to_step write_bitstream -jobs 2
wait_on_run impl_1
open_run impl_1
set_property PROBES.FILE {} [get_hw_devices xc7a100t_0]
set_property FULL_PROBES.FILE {} [get_hw_devices xc7a100t_0]
set_property PROGRAM.FILE {D:/UNIVERSIDAD/4 CARRERA/Sistemas Electrnicos Digitales/trabajo/Maquina_Expendedora_VHDL-main/MaquinaExpendedora/MaquinaExpendedora.runs/impl_1/top.bit} [get_hw_devices xc7a100t_0]
program_hw_devices [get_hw_devices xc7a100t_0]
refresh_hw_device [lindex [get_hw_devices xc7a100t_0] 0]
