#-----------------------------------------------------------
# Vivado v2021.1 (64-bit)
# SW Build 3247384 on Thu Jun 10 19:36:33 MDT 2021
# IP Build 3246043 on Fri Jun 11 00:30:35 MDT 2021
# Start of session at: Fri Dec 17 11:21:11 2021
# Process ID: 10512
# Current directory: C:/Users/sed/Desktop/54892/Maquina_Expendedora_VHDL-main/MaquinaExpendedora
# Command line: vivado.exe -gui_launcher_event rodinguilauncherevent4528 C:\Users\sed\Desktop\54892\Maquina_Expendedora_VHDL-main\MaquinaExpendedora\MaquinaExpendedora.xpr
# Log file: C:/Users/sed/Desktop/54892/Maquina_Expendedora_VHDL-main/MaquinaExpendedora/vivado.log
# Journal file: C:/Users/sed/Desktop/54892/Maquina_Expendedora_VHDL-main/MaquinaExpendedora\vivado.jou
#-----------------------------------------------------------
start_gui
open_project C:/Users/sed/Desktop/54892/Maquina_Expendedora_VHDL-main/MaquinaExpendedora/MaquinaExpendedora.xpr
update_compile_order -fileset sources_1
reset_run synth_1
launch_runs synth_1 -jobs 3
wait_on_run synth_1
reset_run synth_1
launch_runs synth_1 -jobs 3
wait_on_run synth_1
reset_run synth_1
launch_runs synth_1 -jobs 3
wait_on_run synth_1
reset_run synth_1
launch_runs synth_1 -jobs 3
wait_on_run synth_1
reset_run synth_1
launch_runs synth_1 -jobs 3
wait_on_run synth_1
reset_run synth_1
launch_runs synth_1 -jobs 3
wait_on_run synth_1
update_compile_order -fileset sources_1
reset_run synth_1
launch_runs synth_1 -jobs 3
wait_on_run synth_1
launch_runs impl_1 -jobs 3
wait_on_run impl_1
synth_design -rtl -rtl_skip_mlo -name rtl_1
startgroup
set_property BITSTREAM.GENERAL.COMPRESS TRUE [get_designs rtl_1]
endgroup
startgroup
set_property BITSTREAM.CONFIG.CONFIGRATE 33 [get_designs rtl_1]
endgroup
startgroup
set_property config_mode SPIx4 [current_design]
endgroup
set_property target_constrs_file C:/Users/sed/Desktop/54892/Maquina_Expendedora_VHDL-main/MaquinaExpendedora/MaquinaExpendedora.srcs/constrs_1/imports/SED/Nexys-4-DDR-Master.xdc [current_fileset -constrset]
save_constraints -force
reset_run impl_1
launch_runs impl_1 -to_step write_bitstream -jobs 3
wait_on_run impl_1
open_hw_manager
connect_hw_server -allow_non_jtag
open_hw_target
set_property PROGRAM.FILE {C:/Users/sed/Desktop/54892/Maquina_Expendedora_VHDL-main/MaquinaExpendedora/MaquinaExpendedora.runs/impl_1/top.bit} [get_hw_devices xc7a100t_0]
current_hw_device [get_hw_devices xc7a100t_0]
refresh_hw_device -update_hw_probes false [lindex [get_hw_devices xc7a100t_0] 0]
set_property PROBES.FILE {} [get_hw_devices xc7a100t_0]
set_property FULL_PROBES.FILE {} [get_hw_devices xc7a100t_0]
set_property PROGRAM.FILE {C:/Users/sed/Desktop/54892/Maquina_Expendedora_VHDL-main/MaquinaExpendedora/MaquinaExpendedora.runs/impl_1/top.bit} [get_hw_devices xc7a100t_0]
program_hw_devices [get_hw_devices xc7a100t_0]
refresh_hw_device [lindex [get_hw_devices xc7a100t_0] 0]
set_property PROBES.FILE {} [get_hw_devices xc7a100t_0]
set_property FULL_PROBES.FILE {} [get_hw_devices xc7a100t_0]
set_property PROGRAM.FILE {C:/Users/sed/Desktop/54892/Maquina_Expendedora_VHDL-main/MaquinaExpendedora/MaquinaExpendedora.runs/impl_1/top.bit} [get_hw_devices xc7a100t_0]
program_hw_devices [get_hw_devices xc7a100t_0]
refresh_hw_device [lindex [get_hw_devices xc7a100t_0] 0]
reset_run synth_1
launch_runs impl_1 -to_step write_bitstream -jobs 3
wait_on_run impl_1
open_run impl_1
set_property PROBES.FILE {} [get_hw_devices xc7a100t_0]
set_property FULL_PROBES.FILE {} [get_hw_devices xc7a100t_0]
set_property PROGRAM.FILE {C:/Users/sed/Desktop/54892/Maquina_Expendedora_VHDL-main/MaquinaExpendedora/MaquinaExpendedora.runs/impl_1/top.bit} [get_hw_devices xc7a100t_0]
program_hw_devices [get_hw_devices xc7a100t_0]
refresh_hw_device [lindex [get_hw_devices xc7a100t_0] 0]
reset_run synth_1
launch_runs impl_1 -to_step write_bitstream -jobs 3
wait_on_run impl_1
set_property PROBES.FILE {} [get_hw_devices xc7a100t_0]
set_property FULL_PROBES.FILE {} [get_hw_devices xc7a100t_0]
set_property PROGRAM.FILE {C:/Users/sed/Desktop/54892/Maquina_Expendedora_VHDL-main/MaquinaExpendedora/MaquinaExpendedora.runs/impl_1/top.bit} [get_hw_devices xc7a100t_0]
program_hw_devices [get_hw_devices xc7a100t_0]
refresh_hw_device [lindex [get_hw_devices xc7a100t_0] 0]
reset_run synth_1
launch_runs impl_1 -to_step write_bitstream -jobs 3
wait_on_run impl_1
set_property PROBES.FILE {} [get_hw_devices xc7a100t_0]
set_property FULL_PROBES.FILE {} [get_hw_devices xc7a100t_0]
set_property PROGRAM.FILE {C:/Users/sed/Desktop/54892/Maquina_Expendedora_VHDL-main/MaquinaExpendedora/MaquinaExpendedora.runs/impl_1/top.bit} [get_hw_devices xc7a100t_0]
program_hw_devices [get_hw_devices xc7a100t_0]
refresh_hw_device [lindex [get_hw_devices xc7a100t_0] 0]
reset_run impl_1 -prev_step 
launch_runs impl_1 -to_step write_bitstream -jobs 3
wait_on_run impl_1
set_property PROBES.FILE {} [get_hw_devices xc7a100t_0]
set_property FULL_PROBES.FILE {} [get_hw_devices xc7a100t_0]
set_property PROGRAM.FILE {C:/Users/sed/Desktop/54892/Maquina_Expendedora_VHDL-main/MaquinaExpendedora/MaquinaExpendedora.runs/impl_1/top.bit} [get_hw_devices xc7a100t_0]
program_hw_devices [get_hw_devices xc7a100t_0]
refresh_hw_device [lindex [get_hw_devices xc7a100t_0] 0]
reset_run synth_1
launch_runs synth_1 -jobs 3
wait_on_run synth_1
launch_runs impl_1 -jobs 3
wait_on_run impl_1
reset_run synth_1
launch_runs impl_1 -jobs 3
wait_on_run impl_1
reset_run impl_1
launch_runs impl_1 -jobs 3
wait_on_run impl_1
reset_run synth_1
launch_runs synth_1 -jobs 3
wait_on_run synth_1
launch_runs impl_1 -jobs 3
wait_on_run impl_1
launch_runs impl_1 -to_step write_bitstream -jobs 3
wait_on_run impl_1
set_property PROBES.FILE {} [get_hw_devices xc7a100t_0]
set_property FULL_PROBES.FILE {} [get_hw_devices xc7a100t_0]
set_property PROGRAM.FILE {C:/Users/sed/Desktop/54892/Maquina_Expendedora_VHDL-main/MaquinaExpendedora/MaquinaExpendedora.runs/impl_1/top.bit} [get_hw_devices xc7a100t_0]
program_hw_devices [get_hw_devices xc7a100t_0]
refresh_hw_device [lindex [get_hw_devices xc7a100t_0] 0]
reset_run synth_1
launch_runs synth_1 -jobs 3
wait_on_run synth_1
launch_runs impl_1 -to_step write_bitstream -jobs 3
wait_on_run impl_1
set_property PROBES.FILE {} [get_hw_devices xc7a100t_0]
set_property FULL_PROBES.FILE {} [get_hw_devices xc7a100t_0]
set_property PROGRAM.FILE {C:/Users/sed/Desktop/54892/Maquina_Expendedora_VHDL-main/MaquinaExpendedora/MaquinaExpendedora.runs/impl_1/top.bit} [get_hw_devices xc7a100t_0]
program_hw_devices [get_hw_devices xc7a100t_0]
refresh_hw_device [lindex [get_hw_devices xc7a100t_0] 0]
reset_run synth_1
launch_runs impl_1 -to_step write_bitstream -jobs 3
wait_on_run impl_1
set_property PROBES.FILE {} [get_hw_devices xc7a100t_0]
set_property FULL_PROBES.FILE {} [get_hw_devices xc7a100t_0]
set_property PROGRAM.FILE {C:/Users/sed/Desktop/54892/Maquina_Expendedora_VHDL-main/MaquinaExpendedora/MaquinaExpendedora.runs/impl_1/top.bit} [get_hw_devices xc7a100t_0]
program_hw_devices [get_hw_devices xc7a100t_0]
refresh_hw_device [lindex [get_hw_devices xc7a100t_0] 0]
reset_run synth_1
launch_runs impl_1 -to_step write_bitstream -jobs 3
wait_on_run impl_1
set_property PROBES.FILE {} [get_hw_devices xc7a100t_0]
set_property FULL_PROBES.FILE {} [get_hw_devices xc7a100t_0]
set_property PROGRAM.FILE {C:/Users/sed/Desktop/54892/Maquina_Expendedora_VHDL-main/MaquinaExpendedora/MaquinaExpendedora.runs/impl_1/top.bit} [get_hw_devices xc7a100t_0]
program_hw_devices [get_hw_devices xc7a100t_0]
refresh_hw_device [lindex [get_hw_devices xc7a100t_0] 0]
set_property PROBES.FILE {} [get_hw_devices xc7a100t_0]
set_property FULL_PROBES.FILE {} [get_hw_devices xc7a100t_0]
set_property PROGRAM.FILE {C:/Users/sed/Desktop/54892/Maquina_Expendedora_VHDL-main/MaquinaExpendedora/MaquinaExpendedora.runs/impl_1/top.bit} [get_hw_devices xc7a100t_0]
program_hw_devices [get_hw_devices xc7a100t_0]
refresh_hw_device [lindex [get_hw_devices xc7a100t_0] 0]
reset_run synth_1
launch_runs impl_1 -to_step write_bitstream -jobs 3
wait_on_run impl_1
set_property PROBES.FILE {} [get_hw_devices xc7a100t_0]
set_property FULL_PROBES.FILE {} [get_hw_devices xc7a100t_0]
set_property PROGRAM.FILE {C:/Users/sed/Desktop/54892/Maquina_Expendedora_VHDL-main/MaquinaExpendedora/MaquinaExpendedora.runs/impl_1/top.bit} [get_hw_devices xc7a100t_0]
program_hw_devices [get_hw_devices xc7a100t_0]
refresh_hw_device [lindex [get_hw_devices xc7a100t_0] 0]
reset_run synth_1
launch_runs impl_1 -to_step write_bitstream -jobs 3
wait_on_run impl_1
set_property PROBES.FILE {} [get_hw_devices xc7a100t_0]
set_property FULL_PROBES.FILE {} [get_hw_devices xc7a100t_0]
set_property PROGRAM.FILE {C:/Users/sed/Desktop/54892/Maquina_Expendedora_VHDL-main/MaquinaExpendedora/MaquinaExpendedora.runs/impl_1/top.bit} [get_hw_devices xc7a100t_0]
program_hw_devices [get_hw_devices xc7a100t_0]
refresh_hw_device [lindex [get_hw_devices xc7a100t_0] 0]
