#-----------------------------------------------------------
# Vivado v2021.1 (64-bit)
# SW Build 3247384 on Thu Jun 10 19:36:33 MDT 2021
# IP Build 3246043 on Fri Jun 11 00:30:35 MDT 2021
# Start of session at: Wed Dec 15 20:07:56 2021
# Process ID: 4516
# Current directory: E:/Copia Disco F/4 CARRERA/Sistemas Electrnicos Digitales/trabajo/Maquina_Expendedora_VHDL-main/MaquinaExpendedora
# Command line: vivado.exe -gui_launcher_event rodinguilauncherevent8744 E:\Copia Disco F\4 CARRERA\Sistemas Electrnicos Digitales\trabajo\Maquina_Expendedora_VHDL-main\MaquinaExpendedora\MaquinaExpendedora.xpr
# Log file: E:/Copia Disco F/4 CARRERA/Sistemas Electrnicos Digitales/trabajo/Maquina_Expendedora_VHDL-main/MaquinaExpendedora/vivado.log
# Journal file: E:/Copia Disco F/4 CARRERA/Sistemas Electrnicos Digitales/trabajo/Maquina_Expendedora_VHDL-main/MaquinaExpendedora\vivado.jou
#-----------------------------------------------------------
start_gui
open_project {E:/Copia Disco F/4 CARRERA/Sistemas Electrnicos Digitales/trabajo/Maquina_Expendedora_VHDL-main/MaquinaExpendedora/MaquinaExpendedora.xpr}
update_compile_order -fileset sources_1
